>SELECT Name, Id FROM Merchandise__c ORDER BY Name LIMIT 20 OFFSET 100
#^^^^^^ source.soql keyword.operator.query.select.apex
#      ^ source.soql
#       ^^^^ source.soql keyword.query.field.apex
#           ^ source.soql punctuation.separator.comma.apex
#            ^ source.soql
#             ^^ source.soql keyword.query.field.apex
#               ^ source.soql
#                ^^^^ source.soql keyword.operator.query.from.apex
#                    ^ source.soql
#                     ^^^^^^^^^^^^^^ source.soql storage.type.apex
#                                   ^ source.soql
#                                    ^^^^^^^^ source.soql keyword.operator.query.orderby.apex
#                                            ^ source.soql
#                                             ^^^^ source.soql keyword.query.field.apex
#                                                 ^ source.soql
#                                                  ^^^^^ source.soql keyword.operator.query.apex
#                                                       ^ source.soql
#                                                        ^^ source.soql constant.numeric.decimal.apex
#                                                          ^ source.soql
#                                                           ^^^^^^ source.soql keyword.operator.query.apex
#                                                                 ^ source.soql
#                                                                  ^^^ source.soql constant.numeric.decimal.apex
>