>SELECT Contact.FirstName, Contact.Account.Name FROM Contact;
#^^^^^^ source.soql keyword.operator.query.select.apex
#      ^ source.soql
#       ^^^^^^^^^^^^^^^^^ source.soql keyword.query.field.apex
#                        ^ source.soql punctuation.separator.comma.apex
#                         ^ source.soql
#                          ^^^^^^^^^^^^^^^^^^^^ source.soql keyword.query.field.apex
#                                              ^ source.soql
#                                               ^^^^ source.soql keyword.operator.query.from.apex
#                                                   ^ source.soql
#                                                    ^^^^^^^ source.soql storage.type.apex
#                                                           ^^ source.soql
>SELECT Id, Name, Account.Name FROM Contact WHERE Account.Industry = 'media'
#^^^^^^ source.soql keyword.operator.query.select.apex
#      ^ source.soql
#       ^^ source.soql keyword.query.field.apex
#         ^ source.soql punctuation.separator.comma.apex
#          ^ source.soql
#           ^^^^ source.soql keyword.query.field.apex
#               ^ source.soql punctuation.separator.comma.apex
#                ^ source.soql
#                 ^^^^^^^^^^^^ source.soql keyword.query.field.apex
#                             ^ source.soql
#                              ^^^^ source.soql keyword.operator.query.from.apex
#                                  ^ source.soql
#                                   ^^^^^^^ source.soql storage.type.apex
#                                          ^ source.soql
#                                           ^^^^^ source.soql keyword.operator.query.where.apex
#                                                ^ source.soql
#                                                 ^^^^^^^^^^^^^^^^ source.soql keyword.query.field.apex
#                                                                 ^ source.soql
#                                                                  ^ source.soql keyword.operator.assignment.apex
#                                                                   ^ source.soql
#                                                                    ^ source.soql string.quoted.single.apex punctuation.definition.string.begin.apex
#                                                                     ^^^^^ source.soql string.quoted.single.apex
#                                                                          ^ source.soql string.quoted.single.apex punctuation.definition.string.end.apex
>