>SELECT Name FROM Account WHERE Industry = 'media' ORDER BY BillingPostalCode ASC NULLS LAST LIMIT 125
#^^^^^^ source.soql keyword.operator.query.select.apex
#      ^ source.soql
#       ^^^^ source.soql keyword.query.field.apex
#           ^ source.soql
#            ^^^^ source.soql keyword.operator.query.from.apex
#                ^ source.soql
#                 ^^^^^^^ source.soql storage.type.apex
#                        ^ source.soql
#                         ^^^^^ source.soql keyword.operator.query.where.apex
#                              ^ source.soql
#                               ^^^^^^^^ source.soql keyword.query.field.apex
#                                       ^ source.soql
#                                        ^ source.soql keyword.operator.assignment.apex
#                                         ^ source.soql
#                                          ^ source.soql string.quoted.single.apex punctuation.definition.string.begin.apex
#                                           ^^^^^ source.soql string.quoted.single.apex
#                                                ^ source.soql string.quoted.single.apex punctuation.definition.string.end.apex
#                                                 ^ source.soql
#                                                  ^^^^^^^^ source.soql keyword.operator.query.orderby.apex
#                                                          ^ source.soql
#                                                           ^^^^^^^^^^^^^^^^^ source.soql keyword.query.field.apex
#                                                                            ^ source.soql
#                                                                             ^^^ source.soql keyword.operator.query.ascending.apex
#                                                                                ^ source.soql
#                                                                                 ^^^^^ source.soql keyword.query.field.apex
#                                                                                      ^ source.soql
#                                                                                       ^^^^ source.soql keyword.query.field.apex
#                                                                                           ^ source.soql
#                                                                                            ^^^^^ source.soql keyword.operator.query.apex
#                                                                                                 ^ source.soql
#                                                                                                  ^^^ source.soql constant.numeric.decimal.apex
>