>SELECT Name, (SELECT LastName FROM Contacts) FROM Account;
#^^^^^^ source.soql keyword.operator.query.select.apex
#      ^ source.soql
#       ^^^^ source.soql keyword.query.field.apex
#           ^ source.soql punctuation.separator.comma.apex
#            ^ source.soql
#             ^ source.soql punctuation.parenthesis.open.apex
#              ^^^^^^ source.soql keyword.operator.query.select.apex
#                    ^ source.soql
#                     ^^^^^^^^ source.soql keyword.query.field.apex
#                             ^ source.soql
#                              ^^^^ source.soql keyword.operator.query.from.apex
#                                  ^ source.soql
#                                   ^^^^^^^^ source.soql storage.type.apex
#                                           ^ source.soql punctuation.parenthesis.close.apex
#                                            ^ source.soql
#                                             ^^^^ source.soql keyword.operator.query.from.apex
#                                                 ^ source.soql
#                                                  ^^^^^^^ source.soql storage.type.apex
#                                                         ^^ source.soql
>
>SELECT Account.Name, (SELECT Contact.LastName FROM Account.Contacts) FROM Account
#^^^^^^ source.soql keyword.operator.query.select.apex
#      ^ source.soql
#       ^^^^^^^^^^^^ source.soql keyword.query.field.apex
#                   ^ source.soql punctuation.separator.comma.apex
#                    ^ source.soql
#                     ^ source.soql punctuation.parenthesis.open.apex
#                      ^^^^^^ source.soql keyword.operator.query.select.apex
#                            ^ source.soql
#                             ^^^^^^^^^^^^^^^^ source.soql keyword.query.field.apex
#                                             ^ source.soql
#                                              ^^^^ source.soql keyword.operator.query.from.apex
#                                                  ^ source.soql
#                                                   ^^^^^^^^^^^^^^^^ source.soql storage.type.apex
#                                                                   ^ source.soql punctuation.parenthesis.close.apex
#                                                                    ^ source.soql
#                                                                     ^^^^ source.soql keyword.operator.query.from.apex
#                                                                         ^ source.soql
#                                                                          ^^^^^^^ source.soql storage.type.apex
>