>SELECT Id, Owner.Name FROM Task WHERE Owner.FirstName like 'B%';
#^^^^^^ source.soql keyword.operator.query.select.apex
#      ^ source.soql
#       ^^ source.soql keyword.query.field.apex
#         ^ source.soql punctuation.separator.comma.apex
#          ^ source.soql
#           ^^^^^^^^^^ source.soql keyword.query.field.apex
#                     ^ source.soql
#                      ^^^^ source.soql keyword.operator.query.from.apex
#                          ^ source.soql
#                           ^^^^ source.soql storage.type.apex
#                               ^ source.soql
#                                ^^^^^ source.soql keyword.operator.query.where.apex
#                                     ^ source.soql
#                                      ^^^^^^^^^^^^^^^ source.soql keyword.query.field.apex
#                                                     ^ source.soql
#                                                      ^^^^ source.soql keyword.query.field.apex
#                                                          ^ source.soql
#                                                           ^ source.soql string.quoted.single.apex punctuation.definition.string.begin.apex
#                                                            ^^ source.soql string.quoted.single.apex
#                                                              ^ source.soql string.quoted.single.apex punctuation.definition.string.end.apex
#                                                               ^^ source.soql
>
>SELECT Id, Who.FirstName, Who.LastName FROM Task WHERE Owner.FirstName LIKE 'B%';
#^^^^^^ source.soql keyword.operator.query.select.apex
#      ^ source.soql
#       ^^ source.soql keyword.query.field.apex
#         ^ source.soql punctuation.separator.comma.apex
#          ^ source.soql
#           ^^^^^^^^^^^^^ source.soql keyword.query.field.apex
#                        ^ source.soql punctuation.separator.comma.apex
#                         ^ source.soql
#                          ^^^^^^^^^^^^ source.soql keyword.query.field.apex
#                                      ^ source.soql
#                                       ^^^^ source.soql keyword.operator.query.from.apex
#                                           ^ source.soql
#                                            ^^^^ source.soql storage.type.apex
#                                                ^ source.soql
#                                                 ^^^^^ source.soql keyword.operator.query.where.apex
#                                                      ^ source.soql
#                                                       ^^^^^^^^^^^^^^^ source.soql keyword.query.field.apex
#                                                                      ^ source.soql
#                                                                       ^^^^ source.soql keyword.operator.query.apex
#                                                                           ^ source.soql
#                                                                            ^ source.soql string.quoted.single.apex punctuation.definition.string.begin.apex
#                                                                             ^^ source.soql string.quoted.single.apex
#                                                                               ^ source.soql string.quoted.single.apex punctuation.definition.string.end.apex
#                                                                                ^^ source.soql
>
>SELECT Id, What.Name FROM Event;
#^^^^^^ source.soql keyword.operator.query.select.apex
#      ^ source.soql
#       ^^ source.soql keyword.query.field.apex
#         ^ source.soql punctuation.separator.comma.apex
#          ^ source.soql
#           ^^^^^^^^^ source.soql keyword.query.field.apex
#                    ^ source.soql
#                     ^^^^ source.soql keyword.operator.query.from.apex
#                         ^ source.soql
#                          ^^^^^ source.soql storage.type.apex
#                               ^^ source.soql
>